// Jest Snapshot v1, https://goo.gl/fbAQLP

exports[`show button on document 1`] = `
<button
  onClick={[Function]}
>
  Button
</button>
`;
