// Jest Snapshot v1, https://goo.gl/fbAQLP

exports[`show Dialog on document 1`] = `null`;
