// Jest Snapshot v1, https://goo.gl/fbAQLP

exports[`show Overlay on document 1`] = `null`;
